// Jest Snapshot v1, https://goo.gl/fbAQLP

exports[`renders Controls 1`] = `
ShallowWrapper {
  Symbol(enzyme.__root__): [Circular],
  Symbol(enzyme.__unrendered__): <PureComponent
    sides={
        Object {
            "a": 1,
            "b": 1,
            "c": 1,
          }
    }
/>,
  Symbol(enzyme.__renderer__): Object {
    "batchedUpdates": [Function],
    "getNode": [Function],
    "render": [Function],
    "simulateEvent": [Function],
    "unmount": [Function],
  },
  Symbol(enzyme.__node__): Object {
    "instance": null,
    "key": undefined,
    "nodeType": "class",
    "props": Object {
      "children": Array [
        <PureComponent
          handleChange={[Function]}
          id="a"
          value={1}
/>,
        <PureComponent
          handleChange={[Function]}
          id="b"
          value={1}
/>,
        <PureComponent
          handleChange={[Function]}
          id="c"
          value={1}
/>,
      ],
    },
    "ref": null,
    "rendered": Array [
      Object {
        "instance": null,
        "key": "input_a",
        "nodeType": "class",
        "props": Object {
          "handleChange": [Function],
          "id": "a",
          "value": 1,
        },
        "ref": null,
        "rendered": null,
        "type": [Function],
      },
      Object {
        "instance": null,
        "key": "input_b",
        "nodeType": "class",
        "props": Object {
          "handleChange": [Function],
          "id": "b",
          "value": 1,
        },
        "ref": null,
        "rendered": null,
        "type": [Function],
      },
      Object {
        "instance": null,
        "key": "input_c",
        "nodeType": "class",
        "props": Object {
          "handleChange": [Function],
          "id": "c",
          "value": 1,
        },
        "ref": null,
        "rendered": null,
        "type": [Function],
      },
    ],
    "type": [Function],
  },
  Symbol(enzyme.__nodes__): Array [
    Object {
      "instance": null,
      "key": undefined,
      "nodeType": "class",
      "props": Object {
        "children": Array [
          <PureComponent
            handleChange={[Function]}
            id="a"
            value={1}
/>,
          <PureComponent
            handleChange={[Function]}
            id="b"
            value={1}
/>,
          <PureComponent
            handleChange={[Function]}
            id="c"
            value={1}
/>,
        ],
      },
      "ref": null,
      "rendered": Array [
        Object {
          "instance": null,
          "key": "input_a",
          "nodeType": "class",
          "props": Object {
            "handleChange": [Function],
            "id": "a",
            "value": 1,
          },
          "ref": null,
          "rendered": null,
          "type": [Function],
        },
        Object {
          "instance": null,
          "key": "input_b",
          "nodeType": "class",
          "props": Object {
            "handleChange": [Function],
            "id": "b",
            "value": 1,
          },
          "ref": null,
          "rendered": null,
          "type": [Function],
        },
        Object {
          "instance": null,
          "key": "input_c",
          "nodeType": "class",
          "props": Object {
            "handleChange": [Function],
            "id": "c",
            "value": 1,
          },
          "ref": null,
          "rendered": null,
          "type": [Function],
        },
      ],
      "type": [Function],
    },
  ],
  Symbol(enzyme.__options__): Object {
    "adapter": ReactSixteenAdapter {
      "options": Object {
        "enableComponentDidUpdateOnSetState": true,
        "lifecycles": Object {
          "componentDidUpdate": Object {
            "onSetState": true,
          },
          "getSnapshotBeforeUpdate": true,
        },
      },
    },
    "attachTo": undefined,
    "hydrateIn": undefined,
  },
}
`;
